AR clock_div_200 behavioral C:/Users/paul.rogers/OldStuff/GradSchool/Xilinx/ReConFig/Source/Top/top/clock_div_200.vhd sub00/vhpl21 1511919714
AR decoupler behavioral C:/Users/paul.rogers/OldStuff/GradSchool/Xilinx/ReConFig/Source/Top/top/decoupler.vhd sub00/vhpl13 1511919706
EN gen_mux_4_1 NULL C:/Users/paul.rogers/OldStuff/GradSchool/Xilinx/ReConFig/Source/Top/top/gen_mux_4_1.vhd sub00/vhpl40 1508791981
AR reg behavioral C:/Users/paul.rogers/OldStuff/GradSchool/Xilinx/ReConFig/Source/Top/top/current_sensor/register.vhd sub00/vhpl47 1511919698
AR rom_15 rtl C:/Users/paul.rogers/OldStuff/GradSchool/Xilinx/ReConFig/Source/Top/top/rom_15.vhd sub00/vhpl43 1508791984
EN icap_clk NULL C:/Users/paul.rogers/OldStuff/GradSchool/Xilinx/ReConFig/Source/Top/top/ipcore_dir/icap_clk.vhd sub00/vhpl24 1511919715
AR config_state_machine behavioral C:/Users/paul.rogers/OldStuff/GradSchool/Xilinx/ReConFig/Source/Top/top/config_state_machine.vhd sub00/vhpl53 1511919722
EN conv_encoder NULL C:/Users/paul.rogers/OldStuff/GradSchool/Xilinx/ReConFig/Source/Top/top/Encoder/conv_encoder.vhd sub00/vhpl38 1511919719
AR conv_encoder struct C:/Users/paul.rogers/OldStuff/GradSchool/Xilinx/ReConFig/Source/Top/top/Encoder/conv_encoder.vhd sub00/vhpl39 1511919720
AR gen_triangle_generator behavioral C:/Users/paul.rogers/OldStuff/GradSchool/Xilinx/ReConFig/Source/Top/top/gen_triangle_generator.vhd sub00/vhpl17 1511919710
AR icap_clk behavioral C:/Users/paul.rogers/OldStuff/GradSchool/Xilinx/ReConFig/Source/Top/top/ipcore_dir/icap_clk.vhd sub00/vhpl25 1511919716
EN decoupler NULL C:/Users/paul.rogers/OldStuff/GradSchool/Xilinx/ReConFig/Source/Top/top/decoupler.vhd sub00/vhpl12 1511919705
EN d_ff NULL C:/Users/paul.rogers/OldStuff/GradSchool/Xilinx/ReConFig/Source/Top/top/Encoder/D_FF.vhd sub00/vhpl28 1511919689
AR xor_gen dataflow C:/Users/paul.rogers/OldStuff/GradSchool/Xilinx/ReConFig/Source/Top/top/Encoder/XOR_gen.vhd sub00/vhpl31 1511919692
AR icap_eeprom behavioral C:/Users/paul.rogers/OldStuff/GradSchool/Xilinx/ReConFig/Source/Top/top/ext_mem_icap/ICAP_EEPROM.vhd sub00/vhpl51 1511919708
EN pwmgenerator_v3 NULL C:/Users/paul.rogers/OldStuff/GradSchool/Xilinx/ReConFig/Source/Top/top/PWMGenerator_v3.vhd sub00/vhpl18 1511919711
AR quad_dec struct C:/Users/paul.rogers/OldStuff/GradSchool/Xilinx/ReConFig/Source/Top/top/Encoder/quad_dec.vhd sub00/vhpl33 1511919694
AR gen_register behavioral C:/Users/paul.rogers/OldStuff/GradSchool/Xilinx/ReConFig/Source/Top/top/gen_register.vhd sub00/vhpl11 1511919702
EN icap_eeprom NULL C:/Users/paul.rogers/OldStuff/GradSchool/Xilinx/ReConFig/Source/Top/top/ext_mem_icap/ICAP_EEPROM.vhd sub00/vhpl50 1511919707
EN decoupler_in NULL C:/Users/paul.rogers/OldStuff/GradSchool/Xilinx/ReConFig/Source/Top/top/decoupler_in.vhd sub00/vhpl26 1511919703
EN gen_triangle_generator NULL C:/Users/paul.rogers/OldStuff/GradSchool/Xilinx/ReConFig/Source/Top/top/gen_triangle_generator.vhd sub00/vhpl16 1511919709
PB rom_pak_2 rom_pak_2 C:/Users/paul.rogers/OldStuff/GradSchool/Xilinx/ReConFig/Source/Top/top/rom_pak_2.vhd sub00/vhpl01 1508784304
EN top NULL C:/Users/paul.rogers/OldStuff/GradSchool/Xilinx/ReConFig/Source/Top/top/top.vhd sub00/vhpl22 1511919723
AR d_ff behavioral C:/Users/paul.rogers/OldStuff/GradSchool/Xilinx/ReConFig/Source/Top/top/Encoder/D_FF.vhd sub00/vhpl29 1511919690
AR rom_17 struct C:/Users/paul.rogers/OldStuff/GradSchool/Xilinx/ReConFig/Source/Top/top/rom_17.vhd sub00/vhpl45 1508791990
EN config_state_machine NULL C:/Users/paul.rogers/OldStuff/GradSchool/Xilinx/ReConFig/Source/Top/top/config_state_machine.vhd sub00/vhpl52 1511919721
EN xor_gen NULL C:/Users/paul.rogers/OldStuff/GradSchool/Xilinx/ReConFig/Source/Top/top/Encoder/XOR_gen.vhd sub00/vhpl30 1511919691
EN counter NULL C:/Users/paul.rogers/OldStuff/GradSchool/Xilinx/ReConFig/Source/Top/top/Encoder/counter.vhd sub00/vhpl34 1511919695
AR decoupler_in behavioral C:/Users/paul.rogers/OldStuff/GradSchool/Xilinx/ReConFig/Source/Top/top/decoupler_in.vhd sub00/vhpl27 1511919704
AR rom_1 rtl C:/Users/paul.rogers/OldStuff/GradSchool/Xilinx/ReConFig/Source/Top/top/ROM.vhd sub00/vhpl05 1508784312
EN icap_test NULL C:/Users/paul.rogers/OldStuff/GradSchool/Xilinx/ReConFig/Source/Top/top/ICAP_test.vhd sub00/vhpl14 1508791999
AR eeprom_interface behavioral C:/Users/paul.rogers/OldStuff/GradSchool/Xilinx/ReConFig/Source/Top/top/ext_mem_icap/eeprom_interface.vhd sub00/vhpl49 1511919700
AR gen_mux behavioral C:/Users/paul.rogers/OldStuff/GradSchool/Xilinx/ReConFig/Source/Top/top/gen_mux.vhd sub00/vhpl09 1508791992
AR sense_test struct C:/Users/paul.rogers/OldStuff/GradSchool/Xilinx/ReConFig/Source/Top/top/current_sensor/sense_test.vhd sub00/vhpl37 1511919718
EN gen_mux NULL C:/Users/paul.rogers/OldStuff/GradSchool/Xilinx/ReConFig/Source/Top/top/gen_mux.vhd sub00/vhpl08 1508791991
EN clock_div_200 NULL C:/Users/paul.rogers/OldStuff/GradSchool/Xilinx/ReConFig/Source/Top/top/clock_div_200.vhd sub00/vhpl20 1511919713
PH rom_pak NULL C:/Users/paul.rogers/OldStuff/GradSchool/Xilinx/ReConFig/Source/Top/top/rom_pak.vhd sub00/vhpl02 1508791975
PH rom_pak_2 NULL C:/Users/paul.rogers/OldStuff/GradSchool/Xilinx/ReConFig/Source/Top/top/rom_pak_2.vhd sub00/vhpl00 1508784303
EN sense_test NULL C:/Users/paul.rogers/OldStuff/GradSchool/Xilinx/ReConFig/Source/Top/top/current_sensor/sense_test.vhd sub00/vhpl36 1511919717
EN gen_register NULL C:/Users/paul.rogers/OldStuff/GradSchool/Xilinx/ReConFig/Source/Top/top/gen_register.vhd sub00/vhpl10 1511919701
EN rom_15 NULL C:/Users/paul.rogers/OldStuff/GradSchool/Xilinx/ReConFig/Source/Top/top/rom_15.vhd sub00/vhpl42 1508791983
EN rom_17 NULL C:/Users/paul.rogers/OldStuff/GradSchool/Xilinx/ReConFig/Source/Top/top/rom_17.vhd sub00/vhpl44 1508791989
EN quad_dec NULL C:/Users/paul.rogers/OldStuff/GradSchool/Xilinx/ReConFig/Source/Top/top/Encoder/quad_dec.vhd sub00/vhpl32 1511919693
AR rom_2 rtl C:/Users/paul.rogers/OldStuff/GradSchool/Xilinx/ReConFig/Source/Top/top/ROM_2.vhd sub00/vhpl07 1508784314
EN eeprom_interface NULL C:/Users/paul.rogers/OldStuff/GradSchool/Xilinx/ReConFig/Source/Top/top/ext_mem_icap/eeprom_interface.vhd sub00/vhpl48 1511919699
EN rom_1 NULL C:/Users/paul.rogers/OldStuff/GradSchool/Xilinx/ReConFig/Source/Top/top/ROM.vhd sub00/vhpl04 1508784311
EN rom_2 NULL C:/Users/paul.rogers/OldStuff/GradSchool/Xilinx/ReConFig/Source/Top/top/ROM_2.vhd sub00/vhpl06 1508784313
AR gen_mux_4_1 behavioral C:/Users/paul.rogers/OldStuff/GradSchool/Xilinx/ReConFig/Source/Top/top/gen_mux_4_1.vhd sub00/vhpl41 1508791982
AR pwmgenerator_v3 rtl C:/Users/paul.rogers/OldStuff/GradSchool/Xilinx/ReConFig/Source/Top/top/PWMGenerator_v3.vhd sub00/vhpl19 1511919712
EN reg NULL C:/Users/paul.rogers/OldStuff/GradSchool/Xilinx/ReConFig/Source/Top/top/current_sensor/register.vhd sub00/vhpl46 1511919697
AR counter behav C:/Users/paul.rogers/OldStuff/GradSchool/Xilinx/ReConFig/Source/Top/top/Encoder/counter.vhd sub00/vhpl35 1511919696
PB rom_pak rom_pak C:/Users/paul.rogers/OldStuff/GradSchool/Xilinx/ReConFig/Source/Top/top/rom_pak.vhd sub00/vhpl03 1508791976
AR icap_test behavioral C:/Users/paul.rogers/OldStuff/GradSchool/Xilinx/ReConFig/Source/Top/top/ICAP_test.vhd sub00/vhpl15 1508792000
AR top behavioral C:/Users/paul.rogers/OldStuff/GradSchool/Xilinx/ReConFig/Source/Top/top/top.vhd sub00/vhpl23 1511919724
