V3 108
FL C:/Users/paul.rogers/OldStuff/GradSchool/Xilinx/ReConFig/Source/Top/top/clock_div_200.vhd 2017/11/28.17:12:46 P.20131013
EN work/clock_div_200 1511919713 \
      FL C:/Users/paul.rogers/OldStuff/GradSchool/Xilinx/ReConFig/Source/Top/top/clock_div_200.vhd \
      PB ieee/std_logic_1164 1381692176 PB ieee/NUMERIC_STD 1381692181
AR work/clock_div_200/Behavioral 1511919714 \
      FL C:/Users/paul.rogers/OldStuff/GradSchool/Xilinx/ReConFig/Source/Top/top/clock_div_200.vhd \
      EN work/clock_div_200 1511919713
FL C:/Users/paul.rogers/OldStuff/GradSchool/Xilinx/ReConFig/Source/Top/top/config_state_machine.vhd 2017/11/28.17:19:37 P.20131013
EN work/config_state_machine 1511919721 \
      FL C:/Users/paul.rogers/OldStuff/GradSchool/Xilinx/ReConFig/Source/Top/top/config_state_machine.vhd \
      PB ieee/std_logic_1164 1381692176
AR work/config_state_machine/Behavioral 1511919722 \
      FL C:/Users/paul.rogers/OldStuff/GradSchool/Xilinx/ReConFig/Source/Top/top/config_state_machine.vhd \
      EN work/config_state_machine 1511919721
FL C:/Users/paul.rogers/OldStuff/GradSchool/Xilinx/ReConFig/Source/Top/top/current_sensor/register.vhd 2017/11/28.17:07:29 P.20131013
EN work/reg 1511919697 \
      FL C:/Users/paul.rogers/OldStuff/GradSchool/Xilinx/ReConFig/Source/Top/top/current_sensor/register.vhd \
      PB ieee/std_logic_1164 1381692176
AR work/reg/Behavioral 1511919698 \
      FL C:/Users/paul.rogers/OldStuff/GradSchool/Xilinx/ReConFig/Source/Top/top/current_sensor/register.vhd \
      EN work/reg 1511919697
FL C:/Users/paul.rogers/OldStuff/GradSchool/Xilinx/ReConFig/Source/Top/top/current_sensor/sense_test.vhd 2017/11/28.17:06:56 P.20131013
EN work/sense_test 1511919717 \
      FL C:/Users/paul.rogers/OldStuff/GradSchool/Xilinx/ReConFig/Source/Top/top/current_sensor/sense_test.vhd \
      PB ieee/std_logic_1164 1381692176 PB ieee/NUMERIC_STD 1381692181
AR work/sense_test/struct 1511919718 \
      FL C:/Users/paul.rogers/OldStuff/GradSchool/Xilinx/ReConFig/Source/Top/top/current_sensor/sense_test.vhd \
      EN work/sense_test 1511919717 CP reg
FL C:/Users/paul.rogers/OldStuff/GradSchool/Xilinx/ReConFig/Source/Top/top/decoupler.vhd 2017/10/10.13:28:14 P.20131013
EN work/decoupler 1511919705 \
      FL C:/Users/paul.rogers/OldStuff/GradSchool/Xilinx/ReConFig/Source/Top/top/decoupler.vhd \
      PB ieee/std_logic_1164 1381692176
AR work/decoupler/Behavioral 1511919706 \
      FL C:/Users/paul.rogers/OldStuff/GradSchool/Xilinx/ReConFig/Source/Top/top/decoupler.vhd \
      EN work/decoupler 1511919705 CP gen_register
FL C:/Users/paul.rogers/OldStuff/GradSchool/Xilinx/ReConFig/Source/Top/top/decoupler_in.vhd 2017/10/16.16:20:19 P.20131013
EN work/decoupler_in 1511919703 \
      FL C:/Users/paul.rogers/OldStuff/GradSchool/Xilinx/ReConFig/Source/Top/top/decoupler_in.vhd \
      PB ieee/std_logic_1164 1381692176
AR work/decoupler_in/Behavioral 1511919704 \
      FL C:/Users/paul.rogers/OldStuff/GradSchool/Xilinx/ReConFig/Source/Top/top/decoupler_in.vhd \
      EN work/decoupler_in 1511919703 CP gen_register
FL C:/Users/paul.rogers/OldStuff/GradSchool/Xilinx/ReConFig/Source/Top/top/Encoder/conv_encoder.vhd 2017/11/03.14:15:10 P.20131013
EN work/conv_encoder 1511919719 \
      FL C:/Users/paul.rogers/OldStuff/GradSchool/Xilinx/ReConFig/Source/Top/top/Encoder/conv_encoder.vhd \
      PB ieee/std_logic_1164 1381692176 PB ieee/NUMERIC_STD 1381692181
AR work/conv_encoder/struct 1511919720 \
      FL C:/Users/paul.rogers/OldStuff/GradSchool/Xilinx/ReConFig/Source/Top/top/Encoder/conv_encoder.vhd \
      EN work/conv_encoder 1511919719 CP quad_dec CP counter
FL C:/Users/paul.rogers/OldStuff/GradSchool/Xilinx/ReConFig/Source/Top/top/Encoder/counter.vhd 2017/06/01.16:10:19 P.20131013
EN work/counter 1511919695 \
      FL C:/Users/paul.rogers/OldStuff/GradSchool/Xilinx/ReConFig/Source/Top/top/Encoder/counter.vhd \
      PB ieee/std_logic_1164 1381692176 PB ieee/NUMERIC_STD 1381692181 \
      PB ieee/MATH_REAL 1381692182
AR work/counter/behav 1511919696 \
      FL C:/Users/paul.rogers/OldStuff/GradSchool/Xilinx/ReConFig/Source/Top/top/Encoder/counter.vhd \
      EN work/counter 1511919695
FL C:/Users/paul.rogers/OldStuff/GradSchool/Xilinx/ReConFig/Source/Top/top/Encoder/D_FF.vhd 2017/05/31.14:14:45 P.20131013
EN work/D_FF 1511919689 \
      FL C:/Users/paul.rogers/OldStuff/GradSchool/Xilinx/ReConFig/Source/Top/top/Encoder/D_FF.vhd \
      PB ieee/std_logic_1164 1381692176
AR work/D_FF/behavioral 1511919690 \
      FL C:/Users/paul.rogers/OldStuff/GradSchool/Xilinx/ReConFig/Source/Top/top/Encoder/D_FF.vhd \
      EN work/D_FF 1511919689
FL C:/Users/paul.rogers/OldStuff/GradSchool/Xilinx/ReConFig/Source/Top/top/Encoder/quad_dec.vhd 2017/05/31.13:52:19 P.20131013
EN work/quad_dec 1511919693 \
      FL C:/Users/paul.rogers/OldStuff/GradSchool/Xilinx/ReConFig/Source/Top/top/Encoder/quad_dec.vhd \
      PB ieee/std_logic_1164 1381692176
AR work/quad_dec/struct 1511919694 \
      FL C:/Users/paul.rogers/OldStuff/GradSchool/Xilinx/ReConFig/Source/Top/top/Encoder/quad_dec.vhd \
      EN work/quad_dec 1511919693 CP D_FF CP XOR_gen
FL C:/Users/paul.rogers/OldStuff/GradSchool/Xilinx/ReConFig/Source/Top/top/Encoder/XOR_gen.vhd 2017/05/31.13:48:16 P.20131013
EN work/XOR_gen 1511919691 \
      FL C:/Users/paul.rogers/OldStuff/GradSchool/Xilinx/ReConFig/Source/Top/top/Encoder/XOR_gen.vhd \
      PB ieee/std_logic_1164 1381692176
AR work/XOR_gen/dataflow 1511919692 \
      FL C:/Users/paul.rogers/OldStuff/GradSchool/Xilinx/ReConFig/Source/Top/top/Encoder/XOR_gen.vhd \
      EN work/XOR_gen 1511919691
FL C:/Users/paul.rogers/OldStuff/GradSchool/Xilinx/ReConFig/Source/Top/top/ext_mem_icap/eeprom_interface.vhd 2017/10/31.08:58:04 P.20131013
EN work/eeprom_interface 1511919699 \
      FL C:/Users/paul.rogers/OldStuff/GradSchool/Xilinx/ReConFig/Source/Top/top/ext_mem_icap/eeprom_interface.vhd \
      PB ieee/std_logic_1164 1381692176 PB ieee/NUMERIC_STD 1381692181
AR work/eeprom_interface/Behavioral 1511919700 \
      FL C:/Users/paul.rogers/OldStuff/GradSchool/Xilinx/ReConFig/Source/Top/top/ext_mem_icap/eeprom_interface.vhd \
      EN work/eeprom_interface 1511919699
FL C:/Users/paul.rogers/OldStuff/GradSchool/Xilinx/ReConFig/Source/Top/top/ext_mem_icap/ICAP_EEPROM.vhd 2017/11/02.12:08:43 P.20131013
EN work/ICAP_EEPROM 1511919707 \
      FL C:/Users/paul.rogers/OldStuff/GradSchool/Xilinx/ReConFig/Source/Top/top/ext_mem_icap/ICAP_EEPROM.vhd \
      PB ieee/std_logic_1164 1381692176 LB UNISIM PH unisim/VCOMPONENTS 1381692182
AR work/ICAP_EEPROM/Behavioral 1511919708 \
      FL C:/Users/paul.rogers/OldStuff/GradSchool/Xilinx/ReConFig/Source/Top/top/ext_mem_icap/ICAP_EEPROM.vhd \
      EN work/ICAP_EEPROM 1511919707 CP ICAP_VIRTEX5 CP eeprom_interface
FL C:/Users/paul.rogers/OldStuff/GradSchool/Xilinx/ReConFig/Source/Top/top/gen_mux.vhd 2017/09/29.14:46:25 P.20131013
EN work/gen_mux 1508791991 \
      FL C:/Users/paul.rogers/OldStuff/GradSchool/Xilinx/ReConFig/Source/Top/top/gen_mux.vhd \
      PB ieee/std_logic_1164 1381692176
AR work/gen_mux/Behavioral 1508791992 \
      FL C:/Users/paul.rogers/OldStuff/GradSchool/Xilinx/ReConFig/Source/Top/top/gen_mux.vhd \
      EN work/gen_mux 1508791991
FL C:/Users/paul.rogers/OldStuff/GradSchool/Xilinx/ReConFig/Source/Top/top/gen_mux_4_1.vhd 2017/10/23.15:02:50 P.20131013
EN work/gen_mux_4_1 1508791981 \
      FL C:/Users/paul.rogers/OldStuff/GradSchool/Xilinx/ReConFig/Source/Top/top/gen_mux_4_1.vhd \
      PB ieee/std_logic_1164 1381692176
AR work/gen_mux_4_1/Behavioral 1508791982 \
      FL C:/Users/paul.rogers/OldStuff/GradSchool/Xilinx/ReConFig/Source/Top/top/gen_mux_4_1.vhd \
      EN work/gen_mux_4_1 1508791981
FL C:/Users/paul.rogers/OldStuff/GradSchool/Xilinx/ReConFig/Source/Top/top/gen_register.vhd 2017/10/10.12:35:32 P.20131013
EN work/gen_register 1511919701 \
      FL C:/Users/paul.rogers/OldStuff/GradSchool/Xilinx/ReConFig/Source/Top/top/gen_register.vhd \
      PB ieee/std_logic_1164 1381692176
AR work/gen_register/Behavioral 1511919702 \
      FL C:/Users/paul.rogers/OldStuff/GradSchool/Xilinx/ReConFig/Source/Top/top/gen_register.vhd \
      EN work/gen_register 1511919701
FL C:/Users/paul.rogers/OldStuff/GradSchool/Xilinx/ReConFig/Source/Top/top/gen_triangle_generator.vhd 2017/11/28.17:14:20 P.20131013
EN work/gen_triangle_generator 1511919709 \
      FL C:/Users/paul.rogers/OldStuff/GradSchool/Xilinx/ReConFig/Source/Top/top/gen_triangle_generator.vhd \
      PB ieee/std_logic_1164 1381692176 PB ieee/NUMERIC_STD 1381692181
AR work/gen_triangle_generator/Behavioral 1511919710 \
      FL C:/Users/paul.rogers/OldStuff/GradSchool/Xilinx/ReConFig/Source/Top/top/gen_triangle_generator.vhd \
      EN work/gen_triangle_generator 1511919709
FL C:/Users/paul.rogers/OldStuff/GradSchool/Xilinx/ReConFig/Source/Top/top/ICAP_test.vhd 2017/10/23.14:49:14 P.20131013
EN work/ICAP_test 1508791999 \
      FL C:/Users/paul.rogers/OldStuff/GradSchool/Xilinx/ReConFig/Source/Top/top/ICAP_test.vhd \
      PB ieee/std_logic_1164 1381692176 PB ieee/NUMERIC_STD 1381692181 LB UNISIM \
      PH unisim/VCOMPONENTS 1381692182 PB work/rom_pak 1508791976
AR work/ICAP_test/Behavioral 1508792000 \
      FL C:/Users/paul.rogers/OldStuff/GradSchool/Xilinx/ReConFig/Source/Top/top/ICAP_test.vhd \
      EN work/ICAP_test 1508791999 CP ICAP_VIRTEX5 CP rom_17 CP gen_mux
FL C:/Users/paul.rogers/OldStuff/GradSchool/Xilinx/ReConFig/Source/Top/top/ipcore_dir/icap_clk.vhd 2017/10/12.11:55:59 P.20131013
EN work/icap_clk 1511919715 \
      FL C:/Users/paul.rogers/OldStuff/GradSchool/Xilinx/ReConFig/Source/Top/top/ipcore_dir/icap_clk.vhd \
      PB ieee/std_logic_1164 1381692176 PB ieee/NUMERIC_STD 1381692181 LB UNISIM \
      PH unisim/VCOMPONENTS 1381692182
AR work/icap_clk/BEHAVIORAL 1511919716 \
      FL C:/Users/paul.rogers/OldStuff/GradSchool/Xilinx/ReConFig/Source/Top/top/ipcore_dir/icap_clk.vhd \
      EN work/icap_clk 1511919715 CP IBUFG CP BUFG CP DCM_ADV
FL C:/Users/paul.rogers/OldStuff/GradSchool/Xilinx/ReConFig/Source/Top/top/PWMGenerator_v3.vhd 2017/10/06.13:05:12 P.20131013
EN work/PWMGenerator_v3 1511919711 \
      FL C:/Users/paul.rogers/OldStuff/GradSchool/Xilinx/ReConFig/Source/Top/top/PWMGenerator_v3.vhd \
      PB ieee/std_logic_1164 1381692176 PB ieee/NUMERIC_STD 1381692181
AR work/PWMGenerator_v3/rtl 1511919712 \
      FL C:/Users/paul.rogers/OldStuff/GradSchool/Xilinx/ReConFig/Source/Top/top/PWMGenerator_v3.vhd \
      EN work/PWMGenerator_v3 1511919711
FL C:/Users/paul.rogers/OldStuff/GradSchool/Xilinx/ReConFig/Source/Top/top/ROM.vhd 2017/09/29.14:13:18 P.20131013
EN work/rom_1 1508784311 \
      FL C:/Users/paul.rogers/OldStuff/GradSchool/Xilinx/ReConFig/Source/Top/top/ROM.vhd \
      PB ieee/std_logic_1164 1381692176 PB ieee/NUMERIC_STD 1381692181 \
      PB work/rom_pak 1508791976
AR work/rom_1/rtl 1508784312 \
      FL C:/Users/paul.rogers/OldStuff/GradSchool/Xilinx/ReConFig/Source/Top/top/ROM.vhd \
      EN work/rom_1 1508784311
FL C:/Users/paul.rogers/OldStuff/GradSchool/Xilinx/ReConFig/Source/Top/top/rom_15.vhd 2017/10/23.14:51:02 P.20131013
EN work/rom_15 1508791983 \
      FL C:/Users/paul.rogers/OldStuff/GradSchool/Xilinx/ReConFig/Source/Top/top/rom_15.vhd \
      PB ieee/std_logic_1164 1381692176 PB ieee/NUMERIC_STD 1381692181 \
      PB work/rom_pak 1508791976
AR work/rom_15/rtl 1508791984 \
      FL C:/Users/paul.rogers/OldStuff/GradSchool/Xilinx/ReConFig/Source/Top/top/rom_15.vhd \
      EN work/rom_15 1508791983
FL C:/Users/paul.rogers/OldStuff/GradSchool/Xilinx/ReConFig/Source/Top/top/rom_17.vhd 2017/10/23.15:05:06 P.20131013
EN work/rom_17 1508791989 \
      FL C:/Users/paul.rogers/OldStuff/GradSchool/Xilinx/ReConFig/Source/Top/top/rom_17.vhd \
      PB ieee/std_logic_1164 1381692176 PB work/rom_pak 1508791976
AR work/rom_17/struct 1508791990 \
      FL C:/Users/paul.rogers/OldStuff/GradSchool/Xilinx/ReConFig/Source/Top/top/rom_17.vhd \
      EN work/rom_17 1508791989 CP gen_mux_4_1 CP rom_15
FL C:/Users/paul.rogers/OldStuff/GradSchool/Xilinx/ReConFig/Source/Top/top/ROM_2.vhd 2017/10/04.13:55:49 P.20131013
EN work/rom_2 1508784313 \
      FL C:/Users/paul.rogers/OldStuff/GradSchool/Xilinx/ReConFig/Source/Top/top/ROM_2.vhd \
      PB ieee/std_logic_1164 1381692176 PB ieee/NUMERIC_STD 1381692181 \
      PB work/rom_pak_2 1508784304
AR work/rom_2/rtl 1508784314 \
      FL C:/Users/paul.rogers/OldStuff/GradSchool/Xilinx/ReConFig/Source/Top/top/ROM_2.vhd \
      EN work/rom_2 1508784313
FL C:/Users/paul.rogers/OldStuff/GradSchool/Xilinx/ReConFig/Source/Top/top/rom_pak.vhd 2017/10/23.14:51:33 P.20131013
PH work/rom_pak 1508791975 \
      FL C:/Users/paul.rogers/OldStuff/GradSchool/Xilinx/ReConFig/Source/Top/top/rom_pak.vhd \
      PB ieee/std_logic_1164 1381692176 PB ieee/NUMERIC_STD 1381692181 \
      PB ieee/MATH_REAL 1381692182 PB std/TEXTIO 1381692176
PB work/rom_pak 1508791976 \
      FL C:/Users/paul.rogers/OldStuff/GradSchool/Xilinx/ReConFig/Source/Top/top/rom_pak.vhd \
      PH work/rom_pak 1508791975
FL C:/Users/paul.rogers/OldStuff/GradSchool/Xilinx/ReConFig/Source/Top/top/rom_pak_2.vhd 2017/10/23.13:44:49 P.20131013
PH work/rom_pak_2 1508784303 \
      FL C:/Users/paul.rogers/OldStuff/GradSchool/Xilinx/ReConFig/Source/Top/top/rom_pak_2.vhd \
      PB ieee/std_logic_1164 1381692176 PB ieee/NUMERIC_STD 1381692181 \
      PB ieee/MATH_REAL 1381692182 PB std/TEXTIO 1381692176
PB work/rom_pak_2 1508784304 \
      FL C:/Users/paul.rogers/OldStuff/GradSchool/Xilinx/ReConFig/Source/Top/top/rom_pak_2.vhd \
      PH work/rom_pak_2 1508784303
FL C:/Users/paul.rogers/OldStuff/GradSchool/Xilinx/ReConFig/Source/Top/top/top.vhd 2017/11/28.17:20:15 P.20131013
EN work/top 1511919723 \
      FL C:/Users/paul.rogers/OldStuff/GradSchool/Xilinx/ReConFig/Source/Top/top/top.vhd \
      PB ieee/std_logic_1164 1381692176
AR work/top/Behavioral 1511919724 \
      FL C:/Users/paul.rogers/OldStuff/GradSchool/Xilinx/ReConFig/Source/Top/top/top.vhd \
      EN work/top 1511919723 CP controller CP decoupler_in CP decoupler \
      CP ICAP_EEPROM CP gen_triangle_generator CP PWMGenerator_v3 CP clock_div_200 \
      CP icap_clk CP sense_test CP conv_encoder CP config_state_machine
