PB rom_pak_2 rom_pak_2 C:/Users/paul.rogers/OldStuff/GradSchool/Xilinx/ReConFig/Source/ICAP_Controller/ICAP_Controller/rom_pak_2.vhd sub00/vhpl01 1507824183
AR rom_1 rtl C:/Users/paul.rogers/OldStuff/GradSchool/Xilinx/ReConFig/Source/ICAP_Controller/ICAP_Controller/ROM.vhd sub00/vhpl05 1507824187
EN icap_test NULL C:/Users/paul.rogers/OldStuff/GradSchool/Xilinx/ReConFig/Source/ICAP_Controller/ICAP_Controller/ICAP_test.vhd sub00/vhpl10 1507824192
AR gen_mux behavioral C:/Users/paul.rogers/OldStuff/GradSchool/Xilinx/ReConFig/Source/ICAP_Controller/ICAP_Controller/gen_mux.vhd sub00/vhpl09 1507824191
EN gen_mux NULL C:/Users/paul.rogers/OldStuff/GradSchool/Xilinx/ReConFig/Source/ICAP_Controller/ICAP_Controller/gen_mux.vhd sub00/vhpl08 1507824190
PH rom_pak NULL C:/Users/paul.rogers/OldStuff/GradSchool/Xilinx/ReConFig/Source/ICAP_Controller/ICAP_Controller/rom_pak.vhd sub00/vhpl02 1507824184
PH rom_pak_2 NULL C:/Users/paul.rogers/OldStuff/GradSchool/Xilinx/ReConFig/Source/ICAP_Controller/ICAP_Controller/rom_pak_2.vhd sub00/vhpl00 1507824182
AR rom_2 rtl C:/Users/paul.rogers/OldStuff/GradSchool/Xilinx/ReConFig/Source/ICAP_Controller/ICAP_Controller/ROM_2.vhd sub00/vhpl07 1507824189
EN rom_1 NULL C:/Users/paul.rogers/OldStuff/GradSchool/Xilinx/ReConFig/Source/ICAP_Controller/ICAP_Controller/ROM.vhd sub00/vhpl04 1507824186
EN rom_2 NULL C:/Users/paul.rogers/OldStuff/GradSchool/Xilinx/ReConFig/Source/ICAP_Controller/ICAP_Controller/ROM_2.vhd sub00/vhpl06 1507824188
PB rom_pak rom_pak C:/Users/paul.rogers/OldStuff/GradSchool/Xilinx/ReConFig/Source/ICAP_Controller/ICAP_Controller/rom_pak.vhd sub00/vhpl03 1507824185
AR icap_test behavioral C:/Users/paul.rogers/OldStuff/GradSchool/Xilinx/ReConFig/Source/ICAP_Controller/ICAP_Controller/ICAP_test.vhd sub00/vhpl11 1507824193
