V3 23
FL C:/Users/paul.rogers/OldStuff/GradSchool/Xilinx/ReConFig/Source/ICAP_Controller/ICAP_Controller/gen_mux.vhd 2017/09/29.14:46:25 P.20131013
EN work/gen_mux 1507824190 \
      FL C:/Users/paul.rogers/OldStuff/GradSchool/Xilinx/ReConFig/Source/ICAP_Controller/ICAP_Controller/gen_mux.vhd \
      PB ieee/std_logic_1164 1381692176
AR work/gen_mux/Behavioral 1507824191 \
      FL C:/Users/paul.rogers/OldStuff/GradSchool/Xilinx/ReConFig/Source/ICAP_Controller/ICAP_Controller/gen_mux.vhd \
      EN work/gen_mux 1507824190
FL C:/Users/paul.rogers/OldStuff/GradSchool/Xilinx/ReConFig/Source/ICAP_Controller/ICAP_Controller/ICAP_test.vhd 2017/10/04.13:55:03 P.20131013
EN work/ICAP_test 1507824192 \
      FL C:/Users/paul.rogers/OldStuff/GradSchool/Xilinx/ReConFig/Source/ICAP_Controller/ICAP_Controller/ICAP_test.vhd \
      PB ieee/std_logic_1164 1381692176 PB ieee/NUMERIC_STD 1381692181 LB UNISIM \
      PH unisim/VCOMPONENTS 1381692182 PB work/rom_pak 1507824185
AR work/ICAP_test/Behavioral 1507824193 \
      FL C:/Users/paul.rogers/OldStuff/GradSchool/Xilinx/ReConFig/Source/ICAP_Controller/ICAP_Controller/ICAP_test.vhd \
      EN work/ICAP_test 1507824192 CP ICAP_VIRTEX5 CP rom_1 CP rom_2 CP gen_mux
FL C:/Users/paul.rogers/OldStuff/GradSchool/Xilinx/ReConFig/Source/ICAP_Controller/ICAP_Controller/ROM.vhd 2017/09/29.14:13:18 P.20131013
EN work/rom_1 1507824186 \
      FL C:/Users/paul.rogers/OldStuff/GradSchool/Xilinx/ReConFig/Source/ICAP_Controller/ICAP_Controller/ROM.vhd \
      PB ieee/std_logic_1164 1381692176 PB ieee/NUMERIC_STD 1381692181 \
      PB work/rom_pak 1507824185
AR work/rom_1/rtl 1507824187 \
      FL C:/Users/paul.rogers/OldStuff/GradSchool/Xilinx/ReConFig/Source/ICAP_Controller/ICAP_Controller/ROM.vhd \
      EN work/rom_1 1507824186
FL C:/Users/paul.rogers/OldStuff/GradSchool/Xilinx/ReConFig/Source/ICAP_Controller/ICAP_Controller/ROM_2.vhd 2017/10/04.13:55:49 P.20131013
EN work/rom_2 1507824188 \
      FL C:/Users/paul.rogers/OldStuff/GradSchool/Xilinx/ReConFig/Source/ICAP_Controller/ICAP_Controller/ROM_2.vhd \
      PB ieee/std_logic_1164 1381692176 PB ieee/NUMERIC_STD 1381692181 \
      PB work/rom_pak_2 1507824183
AR work/rom_2/rtl 1507824189 \
      FL C:/Users/paul.rogers/OldStuff/GradSchool/Xilinx/ReConFig/Source/ICAP_Controller/ICAP_Controller/ROM_2.vhd \
      EN work/rom_2 1507824188
FL C:/Users/paul.rogers/OldStuff/GradSchool/Xilinx/ReConFig/Source/ICAP_Controller/ICAP_Controller/rom_pak.vhd 2017/10/04.13:56:20 P.20131013
PH work/rom_pak 1507824184 \
      FL C:/Users/paul.rogers/OldStuff/GradSchool/Xilinx/ReConFig/Source/ICAP_Controller/ICAP_Controller/rom_pak.vhd \
      PB ieee/std_logic_1164 1381692176 PB ieee/NUMERIC_STD 1381692181 \
      PB ieee/MATH_REAL 1381692182 PB std/TEXTIO 1381692176
PB work/rom_pak 1507824185 \
      FL C:/Users/paul.rogers/OldStuff/GradSchool/Xilinx/ReConFig/Source/ICAP_Controller/ICAP_Controller/rom_pak.vhd \
      PH work/rom_pak 1507824184
FL C:/Users/paul.rogers/OldStuff/GradSchool/Xilinx/ReConFig/Source/ICAP_Controller/ICAP_Controller/rom_pak_2.vhd 2017/10/04.13:56:26 P.20131013
PH work/rom_pak_2 1507824182 \
      FL C:/Users/paul.rogers/OldStuff/GradSchool/Xilinx/ReConFig/Source/ICAP_Controller/ICAP_Controller/rom_pak_2.vhd \
      PB ieee/std_logic_1164 1381692176 PB ieee/NUMERIC_STD 1381692181 \
      PB ieee/MATH_REAL 1381692182 PB std/TEXTIO 1381692176
PB work/rom_pak_2 1507824183 \
      FL C:/Users/paul.rogers/OldStuff/GradSchool/Xilinx/ReConFig/Source/ICAP_Controller/ICAP_Controller/rom_pak_2.vhd \
      PH work/rom_pak_2 1507824182
