AR controller rtl C:/Users/paul.rogers/OldStuff/GradSchool/Xilinx/ReConFig/Source/Vf/Vf_controller/controller.vhd sub00/vhpl08 1508192907
AR cosinea rtl C:/Users/paul.rogers/OldStuff/GradSchool/Xilinx/ReConFig/Source/Vf/Vf_controller/cosinea.vhd sub00/vhpl02 1508192901
AR cosineb rtl C:/Users/paul.rogers/OldStuff/GradSchool/Xilinx/ReConFig/Source/Vf/Vf_controller/cosineb.vhd sub00/vhpl04 1508192903
PH vf_2_pkg NULL C:/Users/paul.rogers/OldStuff/GradSchool/Xilinx/ReConFig/Source/Vf/Vf_controller/VF_2_pkg.vhd sub00/vhpl00 1508192899
EN controller NULL C:/Users/paul.rogers/OldStuff/GradSchool/Xilinx/ReConFig/Source/Vf/Vf_controller/controller.vhd sub00/vhpl07 1508192906
AR cosinec rtl C:/Users/paul.rogers/OldStuff/GradSchool/Xilinx/ReConFig/Source/Vf/Vf_controller/cosinec.vhd sub00/vhpl06 1508192905
EN cosinea NULL C:/Users/paul.rogers/OldStuff/GradSchool/Xilinx/ReConFig/Source/Vf/Vf_controller/cosinea.vhd sub00/vhpl01 1508192900
EN cosineb NULL C:/Users/paul.rogers/OldStuff/GradSchool/Xilinx/ReConFig/Source/Vf/Vf_controller/cosineb.vhd sub00/vhpl03 1508192902
EN cosinec NULL C:/Users/paul.rogers/OldStuff/GradSchool/Xilinx/ReConFig/Source/Vf/Vf_controller/cosinec.vhd sub00/vhpl05 1508192904
