V3 17
FL C:/Users/paul.rogers/OldStuff/GradSchool/Xilinx/ReConFig/Source/Vf/Vf_controller/controller.vhd 2017/10/16.17:15:47 P.20131013
EN work/controller 1508192906 \
      FL C:/Users/paul.rogers/OldStuff/GradSchool/Xilinx/ReConFig/Source/Vf/Vf_controller/controller.vhd \
      PB ieee/std_logic_1164 1381692176 PB ieee/NUMERIC_STD 1381692181 \
      PH work/VF_2_pkg 1508192899
AR work/controller/rtl 1508192907 \
      FL C:/Users/paul.rogers/OldStuff/GradSchool/Xilinx/ReConFig/Source/Vf/Vf_controller/controller.vhd \
      EN work/controller 1508192906 AR work/cosinea/rtl 1508192901 \
      AR work/cosineb/rtl 1508192903 AR work/cosinec/rtl 1508192905 CP cosinea \
      CP cosineb CP cosinec
FL C:/Users/paul.rogers/OldStuff/GradSchool/Xilinx/ReConFig/Source/Vf/Vf_controller/cosinea.vhd 2017/10/05.15:19:44 P.20131013
EN work/cosinea 1508192900 \
      FL C:/Users/paul.rogers/OldStuff/GradSchool/Xilinx/ReConFig/Source/Vf/Vf_controller/cosinea.vhd \
      PB ieee/std_logic_1164 1381692176 PB ieee/NUMERIC_STD 1381692181 \
      PH work/VF_2_pkg 1508192899
AR work/cosinea/rtl 1508192901 \
      FL C:/Users/paul.rogers/OldStuff/GradSchool/Xilinx/ReConFig/Source/Vf/Vf_controller/cosinea.vhd \
      EN work/cosinea 1508192900
FL C:/Users/paul.rogers/OldStuff/GradSchool/Xilinx/ReConFig/Source/Vf/Vf_controller/cosineb.vhd 2017/10/05.15:19:44 P.20131013
EN work/cosineb 1508192902 \
      FL C:/Users/paul.rogers/OldStuff/GradSchool/Xilinx/ReConFig/Source/Vf/Vf_controller/cosineb.vhd \
      PB ieee/std_logic_1164 1381692176 PB ieee/NUMERIC_STD 1381692181 \
      PH work/VF_2_pkg 1508192899
AR work/cosineb/rtl 1508192903 \
      FL C:/Users/paul.rogers/OldStuff/GradSchool/Xilinx/ReConFig/Source/Vf/Vf_controller/cosineb.vhd \
      EN work/cosineb 1508192902
FL C:/Users/paul.rogers/OldStuff/GradSchool/Xilinx/ReConFig/Source/Vf/Vf_controller/cosinec.vhd 2017/10/05.15:19:44 P.20131013
EN work/cosinec 1508192904 \
      FL C:/Users/paul.rogers/OldStuff/GradSchool/Xilinx/ReConFig/Source/Vf/Vf_controller/cosinec.vhd \
      PB ieee/std_logic_1164 1381692176 PB ieee/NUMERIC_STD 1381692181 \
      PH work/VF_2_pkg 1508192899
AR work/cosinec/rtl 1508192905 \
      FL C:/Users/paul.rogers/OldStuff/GradSchool/Xilinx/ReConFig/Source/Vf/Vf_controller/cosinec.vhd \
      EN work/cosinec 1508192904
FL C:/Users/paul.rogers/OldStuff/GradSchool/Xilinx/ReConFig/Source/Vf/Vf_controller/VF_2_pkg.vhd 2017/10/05.15:19:44 P.20131013
PH work/VF_2_pkg 1508192899 \
      FL C:/Users/paul.rogers/OldStuff/GradSchool/Xilinx/ReConFig/Source/Vf/Vf_controller/VF_2_pkg.vhd \
      PB ieee/std_logic_1164 1381692176 PB ieee/NUMERIC_STD 1381692181
