EN saturate_output_block NULL C:/Users/paul.rogers/OldStuff/GradSchool/Xilinx/ReConFig/Source/FOC/FOC_v3/Saturate_Output_block.vhd sub00/vhpl00 1511919515
EN sine_cosine_lut NULL C:/Users/paul.rogers/OldStuff/GradSchool/Xilinx/ReConFig/Source/FOC/FOC_v3/Sine_Cosine_LUT.vhd sub00/vhpl09 1511919523
AR d_current_control rtl C:/Users/paul.rogers/OldStuff/GradSchool/Xilinx/ReConFig/Source/FOC/FOC_v3/D_Current_Control.vhd sub00/vhpl06 1511919520
EN d_current_control NULL C:/Users/paul.rogers/OldStuff/GradSchool/Xilinx/ReConFig/Source/FOC/FOC_v3/D_Current_Control.vhd sub00/vhpl05 1511919519
AR sine_cosine rtl C:/Users/paul.rogers/OldStuff/GradSchool/Xilinx/ReConFig/Source/FOC/FOC_v3/Sine_Cosine.vhd sub00/vhpl14 1511919528
AR saturate_output_block rtl C:/Users/paul.rogers/OldStuff/GradSchool/Xilinx/ReConFig/Source/FOC/FOC_v3/Saturate_Output_block.vhd sub00/vhpl01 1511919516
AR sine_cosine_lut rtl C:/Users/paul.rogers/OldStuff/GradSchool/Xilinx/ReConFig/Source/FOC/FOC_v3/Sine_Cosine_LUT.vhd sub00/vhpl10 1511919524
EN clarke_transform NULL C:/Users/paul.rogers/OldStuff/GradSchool/Xilinx/ReConFig/Source/FOC/FOC_v3/Clarke_Transform.vhd sub00/vhpl11 1511919525
PH foc_modified_v3_pkg NULL C:/Users/paul.rogers/OldStuff/GradSchool/Xilinx/ReConFig/Source/FOC/FOC_v3/FOC_Modified_v3_pkg.vhd sub00/vhpl04 1511919514
AR dq_current_control rtl C:/Users/paul.rogers/OldStuff/GradSchool/Xilinx/ReConFig/Source/FOC/FOC_v3/DQ_Current_Control.vhd sub00/vhpl18 1511919532
EN inv_park_transform NULL C:/Users/paul.rogers/OldStuff/GradSchool/Xilinx/ReConFig/Source/FOC/FOC_v3/Inv_Park_Transform.vhd sub00/vhpl19 1511919533
AR controller rtl C:/Users/paul.rogers/OldStuff/GradSchool/Xilinx/ReConFig/Source/FOC/FOC_v3/controller.vhd sub00/vhpl26 1511919540
EN park_transform NULL C:/Users/paul.rogers/OldStuff/GradSchool/Xilinx/ReConFig/Source/FOC/FOC_v3/Park_Transform.vhd sub00/vhpl15 1511919529
AR clarke_transform rtl C:/Users/paul.rogers/OldStuff/GradSchool/Xilinx/ReConFig/Source/FOC/FOC_v3/Clarke_Transform.vhd sub00/vhpl12 1511919526
EN dq_current_control NULL C:/Users/paul.rogers/OldStuff/GradSchool/Xilinx/ReConFig/Source/FOC/FOC_v3/DQ_Current_Control.vhd sub00/vhpl17 1511919531
EN q_current_control NULL C:/Users/paul.rogers/OldStuff/GradSchool/Xilinx/ReConFig/Source/FOC/FOC_v3/Q_Current_Control.vhd sub00/vhpl07 1511919521
AR inv_park_transform rtl C:/Users/paul.rogers/OldStuff/GradSchool/Xilinx/ReConFig/Source/FOC/FOC_v3/Inv_Park_Transform.vhd sub00/vhpl20 1511919534
AR space_vector_modulation rtl C:/Users/paul.rogers/OldStuff/GradSchool/Xilinx/ReConFig/Source/FOC/FOC_v3/Space_Vector_Modulation.vhd sub00/vhpl24 1511919538
EN saturate_output NULL C:/Users/paul.rogers/OldStuff/GradSchool/Xilinx/ReConFig/Source/FOC/FOC_v3/Saturate_Output.vhd sub00/vhpl02 1511919517
EN inv_clarke_transform NULL C:/Users/paul.rogers/OldStuff/GradSchool/Xilinx/ReConFig/Source/FOC/FOC_v3/Inv_Clarke_Transform.vhd sub00/vhpl21 1511919535
AR inv_clarke_transform rtl C:/Users/paul.rogers/OldStuff/GradSchool/Xilinx/ReConFig/Source/FOC/FOC_v3/Inv_Clarke_Transform.vhd sub00/vhpl22 1511919536
EN sine_cosine NULL C:/Users/paul.rogers/OldStuff/GradSchool/Xilinx/ReConFig/Source/FOC/FOC_v3/Sine_Cosine.vhd sub00/vhpl13 1511919527
AR park_transform rtl C:/Users/paul.rogers/OldStuff/GradSchool/Xilinx/ReConFig/Source/FOC/FOC_v3/Park_Transform.vhd sub00/vhpl16 1511919530
EN space_vector_modulation NULL C:/Users/paul.rogers/OldStuff/GradSchool/Xilinx/ReConFig/Source/FOC/FOC_v3/Space_Vector_Modulation.vhd sub00/vhpl23 1511919537
EN controller NULL C:/Users/paul.rogers/OldStuff/GradSchool/Xilinx/ReConFig/Source/FOC/FOC_v3/controller.vhd sub00/vhpl25 1511919539
AR saturate_output rtl C:/Users/paul.rogers/OldStuff/GradSchool/Xilinx/ReConFig/Source/FOC/FOC_v3/Saturate_Output.vhd sub00/vhpl03 1511919518
AR q_current_control rtl C:/Users/paul.rogers/OldStuff/GradSchool/Xilinx/ReConFig/Source/FOC/FOC_v3/Q_Current_Control.vhd sub00/vhpl08 1511919522
